Archive member included to satisfy reference by file (symbol)

s:/stmicroelectronics/stm32cubeide/stm32cubeide/plugins/com.st.stm32cube.ide.mcu.externaltools.gnu-tools-for-stm32.9-2020-q2-update.win32_2.0.0.202105311346/tools/bin/../lib/gcc/arm-none-eabi/9.3.1/../../../../arm-none-eabi/lib/thumb/v7-m/nofp\libc_nano.a(lib_a-errno.o)
                              ./Core/Src/syscalls.o (__errno)
s:/stmicroelectronics/stm32cubeide/stm32cubeide/plugins/com.st.stm32cube.ide.mcu.externaltools.gnu-tools-for-stm32.9-2020-q2-update.win32_2.0.0.202105311346/tools/bin/../lib/gcc/arm-none-eabi/9.3.1/../../../../arm-none-eabi/lib/thumb/v7-m/nofp\libc_nano.a(lib_a-exit.o)
                              s:/stmicroelectronics/stm32cubeide/stm32cubeide/plugins/com.st.stm32cube.ide.mcu.externaltools.gnu-tools-for-stm32.9-2020-q2-update.win32_2.0.0.202105311346/tools/bin/../lib/gcc/arm-none-eabi/9.3.1/../../../../arm-none-eabi/lib/thumb/v7-m/nofp/crt0.o (exit)
s:/stmicroelectronics/stm32cubeide/stm32cubeide/plugins/com.st.stm32cube.ide.mcu.externaltools.gnu-tools-for-stm32.9-2020-q2-update.win32_2.0.0.202105311346/tools/bin/../lib/gcc/arm-none-eabi/9.3.1/../../../../arm-none-eabi/lib/thumb/v7-m/nofp\libc_nano.a(lib_a-impure.o)
                              s:/stmicroelectronics/stm32cubeide/stm32cubeide/plugins/com.st.stm32cube.ide.mcu.externaltools.gnu-tools-for-stm32.9-2020-q2-update.win32_2.0.0.202105311346/tools/bin/../lib/gcc/arm-none-eabi/9.3.1/../../../../arm-none-eabi/lib/thumb/v7-m/nofp\libc_nano.a(lib_a-exit.o) (_global_impure_ptr)
s:/stmicroelectronics/stm32cubeide/stm32cubeide/plugins/com.st.stm32cube.ide.mcu.externaltools.gnu-tools-for-stm32.9-2020-q2-update.win32_2.0.0.202105311346/tools/bin/../lib/gcc/arm-none-eabi/9.3.1/../../../../arm-none-eabi/lib/thumb/v7-m/nofp\libc_nano.a(lib_a-init.o)
                              s:/stmicroelectronics/stm32cubeide/stm32cubeide/plugins/com.st.stm32cube.ide.mcu.externaltools.gnu-tools-for-stm32.9-2020-q2-update.win32_2.0.0.202105311346/tools/bin/../lib/gcc/arm-none-eabi/9.3.1/../../../../arm-none-eabi/lib/thumb/v7-m/nofp/crt0.o (__libc_init_array)
s:/stmicroelectronics/stm32cubeide/stm32cubeide/plugins/com.st.stm32cube.ide.mcu.externaltools.gnu-tools-for-stm32.9-2020-q2-update.win32_2.0.0.202105311346/tools/bin/../lib/gcc/arm-none-eabi/9.3.1/../../../../arm-none-eabi/lib/thumb/v7-m/nofp\libc_nano.a(lib_a-memset.o)
                              s:/stmicroelectronics/stm32cubeide/stm32cubeide/plugins/com.st.stm32cube.ide.mcu.externaltools.gnu-tools-for-stm32.9-2020-q2-update.win32_2.0.0.202105311346/tools/bin/../lib/gcc/arm-none-eabi/9.3.1/../../../../arm-none-eabi/lib/thumb/v7-m/nofp/crt0.o (memset)

Allocating common symbols
Common symbol       size              file

uwTick              0x4               ./Drivers/STM32F1xx_HAL_Driver/Src/stm32f1xx_hal.o
pFlash              0x20              ./Drivers/STM32F1xx_HAL_Driver/Src/stm32f1xx_hal_flash.o

Discarded input sections

 .text          0x0000000000000000        0x0 s:/stmicroelectronics/stm32cubeide/stm32cubeide/plugins/com.st.stm32cube.ide.mcu.externaltools.gnu-tools-for-stm32.9-2020-q2-update.win32_2.0.0.202105311346/tools/bin/../lib/gcc/arm-none-eabi/9.3.1/thumb/v7-m/nofp/crti.o
 .data          0x0000000000000000        0x0 s:/stmicroelectronics/stm32cubeide/stm32cubeide/plugins/com.st.stm32cube.ide.mcu.externaltools.gnu-tools-for-stm32.9-2020-q2-update.win32_2.0.0.202105311346/tools/bin/../lib/gcc/arm-none-eabi/9.3.1/thumb/v7-m/nofp/crti.o
 .bss           0x0000000000000000        0x0 s:/stmicroelectronics/stm32cubeide/stm32cubeide/plugins/com.st.stm32cube.ide.mcu.externaltools.gnu-tools-for-stm32.9-2020-q2-update.win32_2.0.0.202105311346/tools/bin/../lib/gcc/arm-none-eabi/9.3.1/thumb/v7-m/nofp/crti.o
 .data          0x0000000000000000        0x4 s:/stmicroelectronics/stm32cubeide/stm32cubeide/plugins/com.st.stm32cube.ide.mcu.externaltools.gnu-tools-for-stm32.9-2020-q2-update.win32_2.0.0.202105311346/tools/bin/../lib/gcc/arm-none-eabi/9.3.1/thumb/v7-m/nofp/crtbegin.o
 .text          0x0000000000000000       0x7c s:/stmicroelectronics/stm32cubeide/stm32cubeide/plugins/com.st.stm32cube.ide.mcu.externaltools.gnu-tools-for-stm32.9-2020-q2-update.win32_2.0.0.202105311346/tools/bin/../lib/gcc/arm-none-eabi/9.3.1/../../../../arm-none-eabi/lib/thumb/v7-m/nofp/crt0.o
 .data          0x0000000000000000        0x0 s:/stmicroelectronics/stm32cubeide/stm32cubeide/plugins/com.st.stm32cube.ide.mcu.externaltools.gnu-tools-for-stm32.9-2020-q2-update.win32_2.0.0.202105311346/tools/bin/../lib/gcc/arm-none-eabi/9.3.1/../../../../arm-none-eabi/lib/thumb/v7-m/nofp/crt0.o
 .bss           0x0000000000000000        0x0 s:/stmicroelectronics/stm32cubeide/stm32cubeide/plugins/com.st.stm32cube.ide.mcu.externaltools.gnu-tools-for-stm32.9-2020-q2-update.win32_2.0.0.202105311346/tools/bin/../lib/gcc/arm-none-eabi/9.3.1/../../../../arm-none-eabi/lib/thumb/v7-m/nofp/crt0.o
[...]
Memory Configuration

Name             Origin             Length             Attributes
RAM              0x0000000020000000 0x0000000000002800 xrw
FLASH            0x0000000008000000 0x0000000000008000 xr
*default*        0x0000000000000000 0xffffffffffffffff

Linker script and memory map

LOAD s:/stmicroelectronics/stm32cubeide/stm32cubeide/plugins/com.st.stm32cube.ide.mcu.externaltools.gnu-tools-for-stm32.9-2020-q2-update.win32_2.0.0.202105311346/tools/bin/../lib/gcc/arm-none-eabi/9.3.1/thumb/v7-m/nofp/crti.o
LOAD s:/stmicroelectronics/stm32cubeide/stm32cubeide/plugins/com.st.stm32cube.ide.mcu.externaltools.gnu-tools-for-stm32.9-2020-q2-update.win32_2.0.0.202105311346/tools/bin/../lib/gcc/arm-none-eabi/9.3.1/thumb/v7-m/nofp/crtbegin.o
LOAD s:/stmicroelectronics/stm32cubeide/stm32cubeide/plugins/com.st.stm32cube.ide.mcu.externaltools.gnu-tools-for-stm32.9-2020-q2-update.win32_2.0.0.202105311346/tools/bin/../lib/gcc/arm-none-eabi/9.3.1/../../../../arm-none-eabi/lib/thumb/v7-m/nofp/crt0.o
LOAD ./Core/Src/main.o
LOAD ./Core/Src/stm32f1xx_hal_msp.o
LOAD ./Core/Src/stm32f1xx_it.o
LOAD ./Core/Src/syscalls.o
LOAD ./Core/Src/sysmem.o
LOAD ./Core/Src/system_stm32f1xx.o
LOAD ./Core/Startup/startup_stm32f103c6tx.o
LOAD ./Drivers/STM32F1xx_HAL_Driver/Src/stm32f1xx_hal.o
LOAD ./Drivers/STM32F1xx_HAL_Driver/Src/stm32f1xx_hal_cortex.o
LOAD ./Drivers/STM32F1xx_HAL_Driver/Src/stm32f1xx_hal_dma.o
LOAD ./Drivers/STM32F1xx_HAL_Driver/Src/stm32f1xx_hal_exti.o
LOAD ./Drivers/STM32F1xx_HAL_Driver/Src/stm32f1xx_hal_flash.o
LOAD ./Drivers/STM32F1xx_HAL_Driver/Src/stm32f1xx_hal_flash_ex.o
LOAD ./Drivers/STM32F1xx_HAL_Driver/Src/stm32f1xx_hal_gpio.o
LOAD ./Drivers/STM32F1xx_HAL_Driver/Src/stm32f1xx_hal_gpio_ex.o
LOAD ./Drivers/STM32F1xx_HAL_Driver/Src/stm32f1xx_hal_pwr.o
LOAD ./Drivers/STM32F1xx_HAL_Driver/Src/stm32f1xx_hal_rcc.o
LOAD ./Drivers/STM32F1xx_HAL_Driver/Src/stm32f1xx_hal_rcc_ex.o
LOAD ./Drivers/STM32F1xx_HAL_Driver/Src/stm32f1xx_hal_tim.o
LOAD ./Drivers/STM32F1xx_HAL_Driver/Src/stm32f1xx_hal_tim_ex.o
START GROUP
LOAD s:/stmicroelectronics/stm32cubeide/stm32cubeide/plugins/com.st.stm32cube.ide.mcu.externaltools.gnu-tools-for-stm32.9-2020-q2-update.win32_2.0.0.202105311346/tools/bin/../lib/gcc/arm-none-eabi/9.3.1/../../../../arm-none-eabi/lib/thumb/v7-m/nofp\libc_nano.a
LOAD s:/stmicroelectronics/stm32cubeide/stm32cubeide/plugins/com.st.stm32cube.ide.mcu.externaltools.gnu-tools-for-stm32.9-2020-q2-update.win32_2.0.0.202105311346/tools/bin/../lib/gcc/arm-none-eabi/9.3.1/../../../../arm-none-eabi/lib/thumb/v7-m/nofp\libm.a
END GROUP
START GROUP
LOAD s:/stmicroelectronics/stm32cubeide/stm32cubeide/plugins/com.st.stm32cube.ide.mcu.externaltools.gnu-tools-for-stm32.9-2020-q2-update.win32_2.0.0.202105311346/tools/bin/../lib/gcc/arm-none-eabi/9.3.1/thumb/v7-m/nofp\libgcc.a
LOAD s:/stmicroelectronics/stm32cubeide/stm32cubeide/plugins/com.st.stm32cube.ide.mcu.externaltools.gnu-tools-for-stm32.9-2020-q2-update.win32_2.0.0.202105311346/tools/bin/../lib/gcc/arm-none-eabi/9.3.1/../../../../arm-none-eabi/lib/thumb/v7-m/nofp\libc_nano.a
END GROUP
START GROUP
LOAD s:/stmicroelectronics/stm32cubeide/stm32cubeide/plugins/com.st.stm32cube.ide.mcu.externaltools.gnu-tools-for-stm32.9-2020-q2-update.win32_2.0.0.202105311346/tools/bin/../lib/gcc/arm-none-eabi/9.3.1/thumb/v7-m/nofp\libgcc.a
LOAD s:/stmicroelectronics/stm32cubeide/stm32cubeide/plugins/com.st.stm32cube.ide.mcu.externaltools.gnu-tools-for-stm32.9-2020-q2-update.win32_2.0.0.202105311346/tools/bin/../lib/gcc/arm-none-eabi/9.3.1/../../../../arm-none-eabi/lib/thumb/v7-m/nofp\libc_nano.a
LOAD s:/stmicroelectronics/stm32cubeide/stm32cubeide/plugins/com.st.stm32cube.ide.mcu.externaltools.gnu-tools-for-stm32.9-2020-q2-update.win32_2.0.0.202105311346/tools/bin/../lib/gcc/arm-none-eabi/9.3.1/../../../../arm-none-eabi/lib/thumb/v7-m/nofp\libnosys.a
END GROUP
START GROUP
LOAD s:/stmicroelectronics/stm32cubeide/stm32cubeide/plugins/com.st.stm32cube.ide.mcu.externaltools.gnu-tools-for-stm32.9-2020-q2-update.win32_2.0.0.202105311346/tools/bin/../lib/gcc/arm-none-eabi/9.3.1/thumb/v7-m/nofp\libgcc.a
LOAD s:/stmicroelectronics/stm32cubeide/stm32cubeide/plugins/com.st.stm32cube.ide.mcu.externaltools.gnu-tools-for-stm32.9-2020-q2-update.win32_2.0.0.202105311346/tools/bin/../lib/gcc/arm-none-eabi/9.3.1/../../../../arm-none-eabi/lib/thumb/v7-m/nofp\libc_nano.a
LOAD s:/stmicroelectronics/stm32cubeide/stm32cubeide/plugins/com.st.stm32cube.ide.mcu.externaltools.gnu-tools-for-stm32.9-2020-q2-update.win32_2.0.0.202105311346/tools/bin/../lib/gcc/arm-none-eabi/9.3.1/../../../../arm-none-eabi/lib/thumb/v7-m/nofp\libnosys.a
END GROUP
LOAD s:/stmicroelectronics/stm32cubeide/stm32cubeide/plugins/com.st.stm32cube.ide.mcu.externaltools.gnu-tools-for-stm32.9-2020-q2-update.win32_2.0.0.202105311346/tools/bin/../lib/gcc/arm-none-eabi/9.3.1/thumb/v7-m/nofp/crtend.o
LOAD s:/stmicroelectronics/stm32cubeide/stm32cubeide/plugins/com.st.stm32cube.ide.mcu.externaltools.gnu-tools-for-stm32.9-2020-q2-update.win32_2.0.0.202105311346/tools/bin/../lib/gcc/arm-none-eabi/9.3.1/thumb/v7-m/nofp/crtn.o
                0x0000000020002800                _estack = (ORIGIN (RAM) + LENGTH (RAM))
                0x0000000000000200                _Min_Heap_Size = 0x200
                0x0000000000000400                _Min_Stack_Size = 0x400

.isr_vector     0x0000000008000000      0x10c
                0x0000000008000000                . = ALIGN (0x4)
 *(.isr_vector)
 .isr_vector    0x0000000008000000      0x10c ./Core/Startup/startup_stm32f103c6tx.o
                0x0000000008000000                g_pfnVectors
                0x000000000800010c                . = ALIGN (0x4)

.text           0x000000000800010c     0x10cc
                0x000000000800010c                . = ALIGN (0x4)
 *(.text)
 .text          0x000000000800010c       0x40 s:/stmicroelectronics/stm32cubeide/stm32cubeide/plugins/com.st.stm32cube.ide.mcu.externaltools.gnu-tools-for-stm32.9-2020-q2-update.win32_2.0.0.202105311346/tools/bin/../lib/gcc/arm-none-eabi/9.3.1/thumb/v7-m/nofp/crtbegin.o
 *(.text*)
 .text.main     0x000000000800014c       0x28 ./Core/Src/main.o
                0x000000000800014c                main
 .text.SystemClock_Config
                0x0000000008000174       0x76 ./Core/Src/main.o
                0x0000000008000174                SystemClock_Config
 *fill*         0x00000000080001ea        0x2 
 .text.MX_GPIO_Init
                0x00000000080001ec       0x68 ./Core/Src/main.o
 .text.Error_Handler
                0x0000000008000254        0xa ./Core/Src/main.o
                0x0000000008000254                Error_Handler
 *fill*         0x000000000800025e        0x2 
 .text.HAL_MspInit
                0x0000000008000260       0x64 ./Core/Src/stm32f1xx_hal_msp.o
                0x0000000008000260                HAL_MspInit
 .text.NMI_Handler
                0x00000000080002c4        0x6 ./Core/Src/stm32f1xx_it.o
                0x00000000080002c4                NMI_Handler
 .text.HardFault_Handler
                0x00000000080002ca        0x6 ./Core/Src/stm32f1xx_it.o
                0x00000000080002ca                HardFault_Handler
 .text.MemManage_Handler
                0x00000000080002d0        0x6 ./Core/Src/stm32f1xx_it.o
                0x00000000080002d0                MemManage_Handler
 .text.BusFault_Handler
                0x00000000080002d6        0x6 ./Core/Src/stm32f1xx_it.o
                0x00000000080002d6                BusFault_Handler
 .text.UsageFault_Handler
                0x00000000080002dc        0x6 ./Core/Src/stm32f1xx_it.o
                0x00000000080002dc                UsageFault_Handler
 .text.SVC_Handler
                0x00000000080002e2        0xc ./Core/Src/stm32f1xx_it.o
                0x00000000080002e2                SVC_Handler
 .text.DebugMon_Handler
                0x00000000080002ee        0xc ./Core/Src/stm32f1xx_it.o
                0x00000000080002ee                DebugMon_Handler
 .text.PendSV_Handler
                0x00000000080002fa        0xc ./Core/Src/stm32f1xx_it.o
                0x00000000080002fa                PendSV_Handler
 .text.SysTick_Handler
                0x0000000008000306        0xc ./Core/Src/stm32f1xx_it.o
                0x0000000008000306                SysTick_Handler
 .text.SystemInit
                0x0000000008000312        0xc ./Core/Src/system_stm32f1xx.o
                0x0000000008000312                SystemInit
 *fill*         0x000000000800031e        0x2 
 .text.Reset_Handler
                0x0000000008000320       0x48 ./Core/Startup/startup_stm32f103c6tx.o
                0x0000000008000320                Reset_Handler
 .text.Default_Handler
                0x0000000008000368        0x2 ./Core/Startup/startup_stm32f103c6tx.o
                0x0000000008000368                RTC_Alarm_IRQHandler
                0x0000000008000368                EXTI2_IRQHandler
                0x0000000008000368                TIM1_CC_IRQHandler
                0x0000000008000368                PVD_IRQHandler
                0x0000000008000368                EXTI3_IRQHandler
                0x0000000008000368                EXTI0_IRQHandler
                0x0000000008000368                ADC1_2_IRQHandler
                0x0000000008000368                SPI1_IRQHandler
                0x0000000008000368                TAMPER_IRQHandler
                0x0000000008000368                DMA1_Channel4_IRQHandler
                0x0000000008000368                RTC_IRQHandler
                0x0000000008000368                DMA1_Channel7_IRQHandler
                0x0000000008000368                CAN1_RX1_IRQHandler
                0x0000000008000368                I2C1_EV_IRQHandler
                0x0000000008000368                DMA1_Channel6_IRQHandler
                0x0000000008000368                TIM3_IRQHandler
                0x0000000008000368                RCC_IRQHandler
                0x0000000008000368                TIM1_TRG_COM_IRQHandler
                0x0000000008000368                DMA1_Channel1_IRQHandler
                0x0000000008000368                Default_Handler
                0x0000000008000368                EXTI15_10_IRQHandler
                0x0000000008000368                EXTI9_5_IRQHandler
                0x0000000008000368                DMA1_Channel5_IRQHandler
                0x0000000008000368                EXTI4_IRQHandler
                0x0000000008000368                USB_LP_CAN1_RX0_IRQHandler
                0x0000000008000368                USB_HP_CAN1_TX_IRQHandler
                0x0000000008000368                DMA1_Channel3_IRQHandler
                0x0000000008000368                TIM1_UP_IRQHandler
                0x0000000008000368                WWDG_IRQHandler
                0x0000000008000368                TIM2_IRQHandler
                0x0000000008000368                TIM1_BRK_IRQHandler
                0x0000000008000368                EXTI1_IRQHandler
                0x0000000008000368                USART2_IRQHandler
                0x0000000008000368                DMA1_Channel2_IRQHandler
                0x0000000008000368                CAN1_SCE_IRQHandler
                0x0000000008000368                FLASH_IRQHandler
                0x0000000008000368                USART1_IRQHandler
                0x0000000008000368                I2C1_ER_IRQHandler
                0x0000000008000368                USBWakeUp_IRQHandler
 *fill*         0x000000000800036a        0x2 
 .text.HAL_Init
                0x000000000800036c       0x2c ./Drivers/STM32F1xx_HAL_Driver/Src/stm32f1xx_hal.o
                0x000000000800036c                HAL_Init
 .text.HAL_InitTick
                0x0000000008000398       0x60 ./Drivers/STM32F1xx_HAL_Driver/Src/stm32f1xx_hal.o
                0x0000000008000398                HAL_InitTick
 .text.HAL_IncTick
                0x00000000080003f8       0x24 ./Drivers/STM32F1xx_HAL_Driver/Src/stm32f1xx_hal.o
                0x00000000080003f8                HAL_IncTick
 .text.HAL_GetTick
                0x000000000800041c       0x14 ./Drivers/STM32F1xx_HAL_Driver/Src/stm32f1xx_hal.o
                0x000000000800041c                HAL_GetTick
 .text.HAL_Delay
                0x0000000008000430       0x48 ./Drivers/STM32F1xx_HAL_Driver/Src/stm32f1xx_hal.o
                0x0000000008000430                HAL_Delay
 .text.__NVIC_SetPriorityGrouping
                0x0000000008000478       0x48 ./Drivers/STM32F1xx_HAL_Driver/Src/stm32f1xx_hal_cortex.o
 .text.__NVIC_GetPriorityGrouping
                0x00000000080004c0       0x1c ./Drivers/STM32F1xx_HAL_Driver/Src/stm32f1xx_hal_cortex.o
 .text.__NVIC_SetPriority
                0x00000000080004dc       0x54 ./Drivers/STM32F1xx_HAL_Driver/Src/stm32f1xx_hal_cortex.o
 .text.NVIC_EncodePriority
                0x0000000008000530       0x64 ./Drivers/STM32F1xx_HAL_Driver/Src/stm32f1xx_hal_cortex.o
 .text.SysTick_Config
                0x0000000008000594       0x44 ./Drivers/STM32F1xx_HAL_Driver/Src/stm32f1xx_hal_cortex.o
 .text.HAL_NVIC_SetPriorityGrouping
                0x00000000080005d8       0x16 ./Drivers/STM32F1xx_HAL_Driver/Src/stm32f1xx_hal_cortex.o
                0x00000000080005d8                HAL_NVIC_SetPriorityGrouping
 .text.HAL_NVIC_SetPriority
                0x00000000080005ee       0x38 ./Drivers/STM32F1xx_HAL_Driver/Src/stm32f1xx_hal_cortex.o
                0x00000000080005ee                HAL_NVIC_SetPriority
 .text.HAL_SYSTICK_Config
                0x0000000008000626       0x18 ./Drivers/STM32F1xx_HAL_Driver/Src/stm32f1xx_hal_cortex.o
                0x0000000008000626                HAL_SYSTICK_Config
 *fill*         0x000000000800063e        0x2 
 .text.HAL_GPIO_Init
                0x0000000008000640      0x2f4 ./Drivers/STM32F1xx_HAL_Driver/Src/stm32f1xx_hal_gpio.o
                0x0000000008000640                HAL_GPIO_Init
 .text.HAL_GPIO_WritePin
                0x0000000008000934       0x30 ./Drivers/STM32F1xx_HAL_Driver/Src/stm32f1xx_hal_gpio.o
                0x0000000008000934                HAL_GPIO_WritePin
 .text.HAL_GPIO_TogglePin
                0x0000000008000964       0x32 ./Drivers/STM32F1xx_HAL_Driver/Src/stm32f1xx_hal_gpio.o
                0x0000000008000964                HAL_GPIO_TogglePin
 *fill*         0x0000000008000996        0x2 
 .text.HAL_RCC_OscConfig
                0x0000000008000998      0x500 ./Drivers/STM32F1xx_HAL_Driver/Src/stm32f1xx_hal_rcc.o
                0x0000000008000998                HAL_RCC_OscConfig
 .text.HAL_RCC_ClockConfig
                0x0000000008000e98      0x1d4 ./Drivers/STM32F1xx_HAL_Driver/Src/stm32f1xx_hal_rcc.o
                0x0000000008000e98                HAL_RCC_ClockConfig
 .text.HAL_RCC_GetSysClockFreq
                0x000000000800106c       0xc0 ./Drivers/STM32F1xx_HAL_Driver/Src/stm32f1xx_hal_rcc.o
                0x000000000800106c                HAL_RCC_GetSysClockFreq
 .text.RCC_Delay
                0x000000000800112c       0x3c ./Drivers/STM32F1xx_HAL_Driver/Src/stm32f1xx_hal_rcc.o
 .text.__libc_init_array
                0x0000000008001168       0x48 s:/stmicroelectronics/stm32cubeide/stm32cubeide/plugins/com.st.stm32cube.ide.mcu.externaltools.gnu-tools-for-stm32.9-2020-q2-update.win32_2.0.0.202105311346/tools/bin/../lib/gcc/arm-none-eabi/9.3.1/../../../../arm-none-eabi/lib/thumb/v7-m/nofp\libc_nano.a(lib_a-init.o)
                0x0000000008001168                __libc_init_array
 .text.memset   0x00000000080011b0       0x10 s:/stmicroelectronics/stm32cubeide/stm32cubeide/plugins/com.st.stm32cube.ide.mcu.externaltools.gnu-tools-for-stm32.9-2020-q2-update.win32_2.0.0.202105311346/tools/bin/../lib/gcc/arm-none-eabi/9.3.1/../../../../arm-none-eabi/lib/thumb/v7-m/nofp\libc_nano.a(lib_a-memset.o)
                0x00000000080011b0                memset
 *(.glue_7)
 .glue_7        0x00000000080011c0        0x0 linker stubs
 *(.glue_7t)
 .glue_7t       0x00000000080011c0        0x0 linker stubs
 *(.eh_frame)
 .eh_frame      0x00000000080011c0        0x0 s:/stmicroelectronics/stm32cubeide/stm32cubeide/plugins/com.st.stm32cube.ide.mcu.externaltools.gnu-tools-for-stm32.9-2020-q2-update.win32_2.0.0.202105311346/tools/bin/../lib/gcc/arm-none-eabi/9.3.1/thumb/v7-m/nofp/crtbegin.o
 *(.init)
 .init          0x00000000080011c0        0x4 s:/stmicroelectronics/stm32cubeide/stm32cubeide/plugins/com.st.stm32cube.ide.mcu.externaltools.gnu-tools-for-stm32.9-2020-q2-update.win32_2.0.0.202105311346/tools/bin/../lib/gcc/arm-none-eabi/9.3.1/thumb/v7-m/nofp/crti.o
                0x00000000080011c0                _init
 .init          0x00000000080011c4        0x8 s:/stmicroelectronics/stm32cubeide/stm32cubeide/plugins/com.st.stm32cube.ide.mcu.externaltools.gnu-tools-for-stm32.9-2020-q2-update.win32_2.0.0.202105311346/tools/bin/../lib/gcc/arm-none-eabi/9.3.1/thumb/v7-m/nofp/crtn.o
 *(.fini)
 .fini          0x00000000080011cc        0x4 s:/stmicroelectronics/stm32cubeide/stm32cubeide/plugins/com.st.stm32cube.ide.mcu.externaltools.gnu-tools-for-stm32.9-2020-q2-update.win32_2.0.0.202105311346/tools/bin/../lib/gcc/arm-none-eabi/9.3.1/thumb/v7-m/nofp/crti.o
                0x00000000080011cc                _fini
 .fini          0x00000000080011d0        0x8 s:/stmicroelectronics/stm32cubeide/stm32cubeide/plugins/com.st.stm32cube.ide.mcu.externaltools.gnu-tools-for-stm32.9-2020-q2-update.win32_2.0.0.202105311346/tools/bin/../lib/gcc/arm-none-eabi/9.3.1/thumb/v7-m/nofp/crtn.o
                0x00000000080011d8                . = ALIGN (0x4)
                0x00000000080011d8                _etext = .

.vfp11_veneer   0x00000000080011d8        0x0
 .vfp11_veneer  0x00000000080011d8        0x0 linker stubs

.v4_bx          0x00000000080011d8        0x0
 .v4_bx         0x00000000080011d8        0x0 linker stubs

.iplt           0x00000000080011d8        0x0
 .iplt          0x00000000080011d8        0x0 s:/stmicroelectronics/stm32cubeide/stm32cubeide/plugins/com.st.stm32cube.ide.mcu.externaltools.gnu-tools-for-stm32.9-2020-q2-update.win32_2.0.0.202105311346/tools/bin/../lib/gcc/arm-none-eabi/9.3.1/thumb/v7-m/nofp/crtbegin.o

.rodata         0x00000000080011d8       0x20
                0x00000000080011d8                . = ALIGN (0x4)
 *(.rodata)
 .rodata        0x00000000080011d8       0x10 ./Drivers/STM32F1xx_HAL_Driver/Src/stm32f1xx_hal_rcc.o
 *(.rodata*)
 .rodata.AHBPrescTable
                0x00000000080011e8       0x10 ./Core/Src/system_stm32f1xx.o
                0x00000000080011e8                AHBPrescTable
                0x00000000080011f8                . = ALIGN (0x4)

.rel.dyn        0x00000000080011f8        0x0
 .rel.iplt      0x00000000080011f8        0x0 s:/stmicroelectronics/stm32cubeide/stm32cubeide/plugins/com.st.stm32cube.ide.mcu.externaltools.gnu-tools-for-stm32.9-2020-q2-update.win32_2.0.0.202105311346/tools/bin/../lib/gcc/arm-none-eabi/9.3.1/thumb/v7-m/nofp/crtbegin.o

.ARM.extab      0x00000000080011f8        0x0
                0x00000000080011f8                . = ALIGN (0x4)
 *(.ARM.extab* .gnu.linkonce.armextab.*)
                0x00000000080011f8                . = ALIGN (0x4)

.ARM            0x00000000080011f8        0x0
                0x00000000080011f8                . = ALIGN (0x4)
                0x00000000080011f8                __exidx_start = .
 *(.ARM.exidx*)
                0x00000000080011f8                __exidx_end = .
                0x00000000080011f8                . = ALIGN (0x4)

.preinit_array  0x00000000080011f8        0x0
                0x00000000080011f8                . = ALIGN (0x4)
                0x00000000080011f8                PROVIDE (__preinit_array_start = .)
 *(.preinit_array*)
                0x00000000080011f8                PROVIDE (__preinit_array_end = .)
                0x00000000080011f8                . = ALIGN (0x4)

.init_array     0x00000000080011f8        0x4
                0x00000000080011f8                . = ALIGN (0x4)
                0x00000000080011f8                PROVIDE (__init_array_start = .)
 *(SORT_BY_NAME(.init_array.*))
 *(.init_array*)
 .init_array    0x00000000080011f8        0x4 s:/stmicroelectronics/stm32cubeide/stm32cubeide/plugins/com.st.stm32cube.ide.mcu.externaltools.gnu-tools-for-stm32.9-2020-q2-update.win32_2.0.0.202105311346/tools/bin/../lib/gcc/arm-none-eabi/9.3.1/thumb/v7-m/nofp/crtbegin.o
                0x00000000080011fc                PROVIDE (__init_array_end = .)
                0x00000000080011fc                . = ALIGN (0x4)

.fini_array     0x00000000080011fc        0x4
                0x00000000080011fc                . = ALIGN (0x4)
                [!provide]                        PROVIDE (__fini_array_start = .)
 *(SORT_BY_NAME(.fini_array.*))
 *(.fini_array*)
 .fini_array    0x00000000080011fc        0x4 s:/stmicroelectronics/stm32cubeide/stm32cubeide/plugins/com.st.stm32cube.ide.mcu.externaltools.gnu-tools-for-stm32.9-2020-q2-update.win32_2.0.0.202105311346/tools/bin/../lib/gcc/arm-none-eabi/9.3.1/thumb/v7-m/nofp/crtbegin.o
                [!provide]                        PROVIDE (__fini_array_end = .)
                0x0000000008001200                . = ALIGN (0x4)
                0x0000000008001200                _sidata = LOADADDR (.data)

.data           0x0000000020000000        0xc load address 0x0000000008001200
                0x0000000020000000                . = ALIGN (0x4)
                0x0000000020000000                _sdata = .
 *(.data)
 *(.data*)
 .data.SystemCoreClock
                0x0000000020000000        0x4 ./Core/Src/system_stm32f1xx.o
                0x0000000020000000                SystemCoreClock
 .data.uwTickPrio
                0x0000000020000004        0x4 ./Drivers/STM32F1xx_HAL_Driver/Src/stm32f1xx_hal.o
                0x0000000020000004                uwTickPrio
 .data.uwTickFreq
                0x0000000020000008        0x1 ./Drivers/STM32F1xx_HAL_Driver/Src/stm32f1xx_hal.o
                0x0000000020000008                uwTickFreq
 *(.RamFunc)
 *(.RamFunc*)
                0x000000002000000c                . = ALIGN (0x4)
 *fill*         0x0000000020000009        0x3 
                0x000000002000000c                _edata = .

.igot.plt       0x000000002000000c        0x0 load address 0x000000000800120c
 .igot.plt      0x000000002000000c        0x0 s:/stmicroelectronics/stm32cubeide/stm32cubeide/plugins/com.st.stm32cube.ide.mcu.externaltools.gnu-tools-for-stm32.9-2020-q2-update.win32_2.0.0.202105311346/tools/bin/../lib/gcc/arm-none-eabi/9.3.1/thumb/v7-m/nofp/crtbegin.o
                0x000000002000000c                . = ALIGN (0x4)

.bss            0x000000002000000c       0x20 load address 0x000000000800120c
                0x000000002000000c                _sbss = .
                0x000000002000000c                __bss_start__ = _sbss
 *(.bss)
 .bss           0x000000002000000c       0x1c s:/stmicroelectronics/stm32cubeide/stm32cubeide/plugins/com.st.stm32cube.ide.mcu.externaltools.gnu-tools-for-stm32.9-2020-q2-update.win32_2.0.0.202105311346/tools/bin/../lib/gcc/arm-none-eabi/9.3.1/thumb/v7-m/nofp/crtbegin.o
 *(.bss*)
 *(COMMON)
 COMMON         0x0000000020000028        0x4 ./Drivers/STM32F1xx_HAL_Driver/Src/stm32f1xx_hal.o
                0x0000000020000028                uwTick
                0x000000002000002c                . = ALIGN (0x4)
                0x000000002000002c                _ebss = .
                0x000000002000002c                __bss_end__ = _ebss

._user_heap_stack
                0x000000002000002c      0x604 load address 0x000000000800120c
                0x0000000020000030                . = ALIGN (0x8)
 *fill*         0x000000002000002c        0x4 
                [!provide]                        PROVIDE (end = .)
                0x0000000020000030                PROVIDE (_end = .)
                0x0000000020000230                . = (. + _Min_Heap_Size)
 *fill*         0x0000000020000030      0x200 
                0x0000000020000630                . = (. + _Min_Stack_Size)
 *fill*         0x0000000020000230      0x400 
                0x0000000020000630                . = ALIGN (0x8)

/DISCARD/
 libc.a(*)
 libm.a(*)
 libgcc.a(*)

.ARM.attributes
                0x0000000000000000       0x29
 *(.ARM.attributes)
 .ARM.attributes
                0x0000000000000000       0x1d s:/stmicroelectronics/stm32cubeide/stm32cubeide/plugins/com.st.stm32cube.ide.mcu.externaltools.gnu-tools-for-stm32.9-2020-q2-update.win32_2.0.0.202105311346/tools/bin/../lib/gcc/arm-none-eabi/9.3.1/thumb/v7-m/nofp/crti.o
 .ARM.attributes
                0x000000000000001d       0x2d s:/stmicroelectronics/stm32cubeide/stm32cubeide/plugins/com.st.stm32cube.ide.mcu.externaltools.gnu-tools-for-stm32.9-2020-q2-update.win32_2.0.0.202105311346/tools/bin/../lib/gcc/arm-none-eabi/9.3.1/thumb/v7-m/nofp/crtbegin.o
 .ARM.attributes
                0x000000000000004a       0x2d ./Core/Src/main.o
 .ARM.attributes
                0x0000000000000077       0x2d ./Core/Src/stm32f1xx_hal_msp.o
 .ARM.attributes
                0x00000000000000a4       0x2d ./Core/Src/stm32f1xx_it.o
 .ARM.attributes
                0x00000000000000d1       0x2d ./Core/Src/system_stm32f1xx.o
 .ARM.attributes
                0x00000000000000fe       0x21 ./Core/Startup/startup_stm32f103c6tx.o
 .ARM.attributes
                0x000000000000011f       0x2d ./Drivers/STM32F1xx_HAL_Driver/Src/stm32f1xx_hal.o
 .ARM.attributes
                0x000000000000014c       0x2d ./Drivers/STM32F1xx_HAL_Driver/Src/stm32f1xx_hal_cortex.o
 .ARM.attributes
                0x0000000000000179       0x2d ./Drivers/STM32F1xx_HAL_Driver/Src/stm32f1xx_hal_gpio.o
 .ARM.attributes
                0x00000000000001a6       0x2d ./Drivers/STM32F1xx_HAL_Driver/Src/stm32f1xx_hal_rcc.o
 .ARM.attributes
                0x00000000000001d3       0x2d s:/stmicroelectronics/stm32cubeide/stm32cubeide/plugins/com.st.stm32cube.ide.mcu.externaltools.gnu-tools-for-stm32.9-2020-q2-update.win32_2.0.0.202105311346/tools/bin/../lib/gcc/arm-none-eabi/9.3.1/../../../../arm-none-eabi/lib/thumb/v7-m/nofp\libc_nano.a(lib_a-init.o)
 .ARM.attributes
                0x0000000000000200       0x2d s:/stmicroelectronics/stm32cubeide/stm32cubeide/plugins/com.st.stm32cube.ide.mcu.externaltools.gnu-tools-for-stm32.9-2020-q2-update.win32_2.0.0.202105311346/tools/bin/../lib/gcc/arm-none-eabi/9.3.1/../../../../arm-none-eabi/lib/thumb/v7-m/nofp\libc_nano.a(lib_a-memset.o)
 .ARM.attributes
                0x000000000000022d       0x1d s:/stmicroelectronics/stm32cubeide/stm32cubeide/plugins/com.st.stm32cube.ide.mcu.externaltools.gnu-tools-for-stm32.9-2020-q2-update.win32_2.0.0.202105311346/tools/bin/../lib/gcc/arm-none-eabi/9.3.1/thumb/v7-m/nofp/crtn.o
OUTPUT(_Lab_1.elf elf32-littlearm)
LOAD linker stubs
LOAD s:/stmicroelectronics/stm32cubeide/stm32cubeide/plugins/com.st.stm32cube.ide.mcu.externaltools.gnu-tools-for-stm32.9-2020-q2-update.win32_2.0.0.202105311346/tools/bin/../lib/gcc/arm-none-eabi/9.3.1/../../../../arm-none-eabi/lib/thumb/v7-m/nofp\libc.a
LOAD s:/stmicroelectronics/stm32cubeide/stm32cubeide/plugins/com.st.stm32cube.ide.mcu.externaltools.gnu-tools-for-stm32.9-2020-q2-update.win32_2.0.0.202105311346/tools/bin/../lib/gcc/arm-none-eabi/9.3.1/../../../../arm-none-eabi/lib/thumb/v7-m/nofp\libm.a
LOAD s:/stmicroelectronics/stm32cubeide/stm32cubeide/plugins/com.st.stm32cube.ide.mcu.externaltools.gnu-tools-for-stm32.9-2020-q2-update.win32_2.0.0.202105311346/tools/bin/../lib/gcc/arm-none-eabi/9.3.1/thumb/v7-m/nofp\libgcc.a

.debug_info     0x0000000000000000     0x2fa7
 .debug_info    0x0000000000000000      0x510 ./Core/Src/main.o
 .debug_info    0x0000000000000510      0x2fc ./Core/Src/stm32f1xx_hal_msp.o
 .debug_info    0x000000000000080c      0x222 ./Core/Src/stm32f1xx_it.o
 .debug_info    0x0000000000000a2e      0x2be ./Core/Src/system_stm32f1xx.o
 .debug_info    0x0000000000000cec       0x22 ./Core/Startup/startup_stm32f103c6tx.o
 .debug_info    0x0000000000000d0e      0x74c ./Drivers/STM32F1xx_HAL_Driver/Src/stm32f1xx_hal.o
 .debug_info    0x000000000000145a      0xbbe ./Drivers/STM32F1xx_HAL_Driver/Src/stm32f1xx_hal_cortex.o
 .debug_info    0x0000000000002018      0x701 ./Drivers/STM32F1xx_HAL_Driver/Src/stm32f1xx_hal_gpio.o
 .debug_info    0x0000000000002719      0x88e ./Drivers/STM32F1xx_HAL_Driver/Src/stm32f1xx_hal_rcc.o

.debug_abbrev   0x0000000000000000      0xe63
 .debug_abbrev  0x0000000000000000      0x1b9 ./Core/Src/main.o
 .debug_abbrev  0x00000000000001b9      0x11d ./Core/Src/stm32f1xx_hal_msp.o
 .debug_abbrev  0x00000000000002d6       0xd2 ./Core/Src/stm32f1xx_it.o
 .debug_abbrev  0x00000000000003a8      0x14e ./Core/Src/system_stm32f1xx.o
 .debug_abbrev  0x00000000000004f6       0x12 ./Core/Startup/startup_stm32f103c6tx.o
 .debug_abbrev  0x0000000000000508      0x1ed ./Drivers/STM32F1xx_HAL_Driver/Src/stm32f1xx_hal.o
 .debug_abbrev  0x00000000000006f5      0x313 ./Drivers/STM32F1xx_HAL_Driver/Src/stm32f1xx_hal_cortex.o
 .debug_abbrev  0x0000000000000a08      0x1e8 ./Drivers/STM32F1xx_HAL_Driver/Src/stm32f1xx_hal_gpio.o
 .debug_abbrev  0x0000000000000bf0      0x273 ./Drivers/STM32F1xx_HAL_Driver/Src/stm32f1xx_hal_rcc.o

.debug_aranges  0x0000000000000000      0x3d0
 .debug_aranges
                0x0000000000000000       0x38 ./Core/Src/main.o
 .debug_aranges
                0x0000000000000038       0x20 ./Core/Src/stm32f1xx_hal_msp.o
 .debug_aranges
                0x0000000000000058       0x60 ./Core/Src/stm32f1xx_it.o
 .debug_aranges
                0x00000000000000b8       0x28 ./Core/Src/system_stm32f1xx.o
 .debug_aranges
                0x00000000000000e0       0x28 ./Core/Startup/startup_stm32f103c6tx.o
 .debug_aranges
                0x0000000000000108       0xe0 ./Drivers/STM32F1xx_HAL_Driver/Src/stm32f1xx_hal.o
 .debug_aranges
                0x00000000000001e8      0x100 ./Drivers/STM32F1xx_HAL_Driver/Src/stm32f1xx_hal_cortex.o
 .debug_aranges
                0x00000000000002e8       0x58 ./Drivers/STM32F1xx_HAL_Driver/Src/stm32f1xx_hal_gpio.o
 .debug_aranges
                0x0000000000000340       0x90 ./Drivers/STM32F1xx_HAL_Driver/Src/stm32f1xx_hal_rcc.o

.debug_ranges   0x0000000000000000      0x348
 .debug_ranges  0x0000000000000000       0x28 ./Core/Src/main.o
 .debug_ranges  0x0000000000000028       0x10 ./Core/Src/stm32f1xx_hal_msp.o
 .debug_ranges  0x0000000000000038       0x50 ./Core/Src/stm32f1xx_it.o
 .debug_ranges  0x0000000000000088       0x18 ./Core/Src/system_stm32f1xx.o
 .debug_ranges  0x00000000000000a0       0x20 ./Core/Startup/startup_stm32f103c6tx.o
 .debug_ranges  0x00000000000000c0       0xd0 ./Drivers/STM32F1xx_HAL_Driver/Src/stm32f1xx_hal.o
 .debug_ranges  0x0000000000000190       0xf0 ./Drivers/STM32F1xx_HAL_Driver/Src/stm32f1xx_hal_cortex.o
 .debug_ranges  0x0000000000000280       0x48 ./Drivers/STM32F1xx_HAL_Driver/Src/stm32f1xx_hal_gpio.o
 .debug_ranges  0x00000000000002c8       0x80 ./Drivers/STM32F1xx_HAL_Driver/Src/stm32f1xx_hal_rcc.o

.debug_macro    0x0000000000000000    0x15526
 .debug_macro   0x0000000000000000      0x19e ./Core/Src/main.o
 .debug_macro   0x000000000000019e      0xa9c ./Core/Src/main.o
 .debug_macro   0x0000000000000c3a      0x20f ./Core/Src/main.o
 .debug_macro   0x0000000000000e49       0x2e ./Core/Src/main.o
 .debug_macro   0x0000000000000e77       0x22 ./Core/Src/main.o
 .debug_macro   0x0000000000000e99       0x22 ./Core/Src/main.o
 .debug_macro   0x0000000000000ebb       0x8e ./Core/Src/main.o
 .debug_macro   0x0000000000000f49       0x51 ./Core/Src/main.o
 .debug_macro   0x0000000000000f9a      0x103 ./Core/Src/main.o
 .debug_macro   0x000000000000109d       0x6a ./Core/Src/main.o
 .debug_macro   0x0000000000001107      0x1df ./Core/Src/main.o
 .debug_macro   0x00000000000012e6       0x1c ./Core/Src/main.o
 .debug_macro   0x0000000000001302       0x22 ./Core/Src/main.o
 .debug_macro   0x0000000000001324       0xc3 ./Core/Src/main.o
 .debug_macro   0x00000000000013e7      0xd23 ./Core/Src/main.o
 .debug_macro   0x000000000000210a     0xde75 ./Core/Src/main.o
 .debug_macro   0x000000000000ff7f       0x6d ./Core/Src/main.o
 .debug_macro   0x000000000000ffec     0x3468 ./Core/Src/main.o
 .debug_macro   0x0000000000013454      0x174 ./Core/Src/main.o
 .debug_macro   0x00000000000135c8       0x5c ./Core/Src/main.o
 .debug_macro   0x0000000000013624      0x5be ./Core/Src/main.o
 .debug_macro   0x0000000000013be2      0x1b7 ./Core/Src/main.o
 .debug_macro   0x0000000000013d99      0x1cb ./Core/Src/main.o
 .debug_macro   0x0000000000013f64      0x114 ./Core/Src/main.o
 .debug_macro   0x0000000000014078      0x1b2 ./Core/Src/main.o
 .debug_macro   0x000000000001422a       0x27 ./Core/Src/main.o
 .debug_macro   0x0000000000014251      0x12f ./Core/Src/main.o
 .debug_macro   0x0000000000014380      0x1bc ./Core/Src/main.o
 .debug_macro   0x000000000001453c       0x34 ./Core/Src/main.o
 .debug_macro   0x0000000000014570       0x3c ./Core/Src/main.o
 .debug_macro   0x00000000000145ac       0x57 ./Core/Src/main.o
 .debug_macro   0x0000000000014603       0x88 ./Core/Src/main.o
 .debug_macro   0x000000000001468b      0x183 ./Core/Src/main.o
 .debug_macro   0x000000000001480e      0x141 ./Core/Src/main.o
 .debug_macro   0x000000000001494f       0x69 ./Core/Src/main.o
 .debug_macro   0x00000000000149b8       0x10 ./Core/Src/main.o
 .debug_macro   0x00000000000149c8      0x192 ./Core/Src/stm32f1xx_hal_msp.o
 .debug_macro   0x0000000000014b5a      0x19c ./Core/Src/stm32f1xx_it.o
 .debug_macro   0x0000000000014cf6      0x183 ./Core/Src/system_stm32f1xx.o
 .debug_macro   0x0000000000014e79      0x1a7 ./Drivers/STM32F1xx_HAL_Driver/Src/stm32f1xx_hal.o
 .debug_macro   0x0000000000015020      0x183 ./Drivers/STM32F1xx_HAL_Driver/Src/stm32f1xx_hal_cortex.o
 .debug_macro   0x00000000000151a3      0x1ee ./Drivers/STM32F1xx_HAL_Driver/Src/stm32f1xx_hal_gpio.o
 .debug_macro   0x0000000000015391      0x195 ./Drivers/STM32F1xx_HAL_Driver/Src/stm32f1xx_hal_rcc.o

.debug_line     0x0000000000000000     0x4663
 .debug_line    0x0000000000000000      0x6f4 ./Core/Src/main.o
 .debug_line    0x00000000000006f4      0x65d ./Core/Src/stm32f1xx_hal_msp.o
 .debug_line    0x0000000000000d51      0x71e ./Core/Src/stm32f1xx_it.o
 .debug_line    0x000000000000146f      0x6da ./Core/Src/system_stm32f1xx.o
 .debug_line    0x0000000000001b49       0x87 ./Core/Startup/startup_stm32f103c6tx.o
 .debug_line    0x0000000000001bd0      0x907 ./Drivers/STM32F1xx_HAL_Driver/Src/stm32f1xx_hal.o
 .debug_line    0x00000000000024d7      0xaef ./Drivers/STM32F1xx_HAL_Driver/Src/stm32f1xx_hal_cortex.o
 .debug_line    0x0000000000002fc6      0x988 ./Drivers/STM32F1xx_HAL_Driver/Src/stm32f1xx_hal_gpio.o
 .debug_line    0x000000000000394e      0xd15 ./Drivers/STM32F1xx_HAL_Driver/Src/stm32f1xx_hal_rcc.o

.debug_str      0x0000000000000000    0x796ef
 .debug_str     0x0000000000000000    0x787af ./Core/Src/main.o
                                      0x78aeb (size before relaxing)
 .debug_str     0x00000000000787af       0x5a ./Core/Src/stm32f1xx_hal_msp.o
                                      0x788f3 (size before relaxing)
 .debug_str     0x0000000000078809       0xbd ./Core/Src/stm32f1xx_it.o
                                      0x78910 (size before relaxing)
 .debug_str     0x00000000000788c6       0x52 ./Core/Src/system_stm32f1xx.o
                                      0x788b6 (size before relaxing)
 .debug_str     0x0000000000078918       0x36 ./Core/Startup/startup_stm32f103c6tx.o
                                         0x61 (size before relaxing)
 .debug_str     0x000000000007894e      0x52e ./Drivers/STM32F1xx_HAL_Driver/Src/stm32f1xx_hal.o
                                      0x78f0d (size before relaxing)
 .debug_str     0x0000000000078e7c      0x300 ./Drivers/STM32F1xx_HAL_Driver/Src/stm32f1xx_hal_cortex.o
                                      0x78f15 (size before relaxing)
 .debug_str     0x000000000007917c      0x324 ./Drivers/STM32F1xx_HAL_Driver/Src/stm32f1xx_hal_gpio.o
                                      0x78c7a (size before relaxing)
 .debug_str     0x00000000000794a0      0x24f ./Drivers/STM32F1xx_HAL_Driver/Src/stm32f1xx_hal_rcc.o
                                      0x78cb3 (size before relaxing)

.comment        0x0000000000000000       0x53
 .comment       0x0000000000000000       0x53 ./Core/Src/main.o
                                         0x54 (size before relaxing)
 .comment       0x0000000000000053       0x54 ./Core/Src/stm32f1xx_hal_msp.o
 .comment       0x0000000000000053       0x54 ./Core/Src/stm32f1xx_it.o
 .comment       0x0000000000000053       0x54 ./Core/Src/system_stm32f1xx.o
 .comment       0x0000000000000053       0x54 ./Drivers/STM32F1xx_HAL_Driver/Src/stm32f1xx_hal.o
 .comment       0x0000000000000053       0x54 ./Drivers/STM32F1xx_HAL_Driver/Src/stm32f1xx_hal_cortex.o
 .comment       0x0000000000000053       0x54 ./Drivers/STM32F1xx_HAL_Driver/Src/stm32f1xx_hal_gpio.o
 .comment       0x0000000000000053       0x54 ./Drivers/STM32F1xx_HAL_Driver/Src/stm32f1xx_hal_rcc.o

.debug_frame    0x0000000000000000      0xd30
 .debug_frame   0x0000000000000000       0x8c ./Core/Src/main.o
 .debug_frame   0x000000000000008c       0x38 ./Core/Src/stm32f1xx_hal_msp.o
 .debug_frame   0x00000000000000c4      0x104 ./Core/Src/stm32f1xx_it.o
 .debug_frame   0x00000000000001c8       0x58 ./Core/Src/system_stm32f1xx.o
 .debug_frame   0x0000000000000220      0x334 ./Drivers/STM32F1xx_HAL_Driver/Src/stm32f1xx_hal.o
 .debug_frame   0x0000000000000554      0x428 ./Drivers/STM32F1xx_HAL_Driver/Src/stm32f1xx_hal_cortex.o
 .debug_frame   0x000000000000097c      0x14c ./Drivers/STM32F1xx_HAL_Driver/Src/stm32f1xx_hal_gpio.o
 .debug_frame   0x0000000000000ac8      0x21c ./Drivers/STM32F1xx_HAL_Driver/Src/stm32f1xx_hal_rcc.o
 .debug_frame   0x0000000000000ce4       0x2c s:/stmicroelectronics/stm32cubeide/stm32cubeide/plugins/com.st.stm32cube.ide.mcu.externaltools.gnu-tools-for-stm32.9-2020-q2-update.win32_2.0.0.202105311346/tools/bin/../lib/gcc/arm-none-eabi/9.3.1/../../../../arm-none-eabi/lib/thumb/v7-m/nofp\libc_nano.a(lib_a-init.o)
 .debug_frame   0x0000000000000d10       0x20 s:/stmicroelectronics/stm32cubeide/stm32cubeide/plugins/com.st.stm32cube.ide.mcu.externaltools.gnu-tools-for-stm32.9-2020-q2-update.win32_2.0.0.202105311346/tools/bin/../lib/gcc/arm-none-eabi/9.3.1/../../../../arm-none-eabi/lib/thumb/v7-m/nofp\libc_nano.a(lib_a-memset.o)
